[30-Sep-2026 19:17:19 UTC] show data: Array
(
    [id] => 234c4007
    [versionId] => g130ac5e1
    [eventDate] => 18-09-2026
    [lastUpdated] => 2026-09-25T02:13:06.655+0000
    [artist] => Array
        (
            [mbid] => ab4e7869-86f5-455e-b52c-c89d7664c07b
            [name] => Rainbow Kitten Surprise
            [sortName] => Rainbow Kitten Surprise
            [disambiguation] => 
            [url] => https://www.setlist.fm/setlists/rainbow-kitten-surprise-23dbd843.html
        )

    [venue] => Array
        (
            [id] => 73d1a231
            [name] => Skyla Credit Union Amphitheatre
            [city] => Array
                (
                    [id] => 4460243
                    [name] => Charlotte
                    [state] => North Carolina
                    [stateCode] => NC
                    [coords] => Array
                        (
                            [lat] => 35.2270869
                            [long] => -80.8431268
                        )

                    [country] => Array
                        (
                            [code] => US
                            [name] => United States
                        )

                )

            [url] => https://www.setlist.fm/venue/skyla-credit-union-amphitheatre-charlotte-nc-usa-73d1a231.html
        )

    [sets] => Array
        (
            [set] => Array
                (
                    [0] => Array
                        (
                            [song] => Array
                                (
                                    [0] => Array
                                        (
                                            [name] => Pacific Love
                                        )

                                    [1] => Array
                                        (
                                            [name] => Mission to Mars
                                        )

                                    [2] => Array
                                        (
                                            [name] => Our Song
                                        )

                                    [3] => Array
                                        (
                                            [name] => Hide
                                        )

                                    [4] => Array
                                        (
                                            [name] => Dang
                                        )

                                    [5] => Array
                                        (
                                            [name] => When It Lands
                                        )

                                    [6] => Array
                                        (
                                            [name] => Holy War
                                        )

                                    [7] => Array
                                        (
                                            [name] => Devil Like Me
                                        )

                                    [8] => Array
                                        (
                                            [name] => All's Well That Ends
                                        )

                                    [9] => Array
                                        (
                                            [name] => bones
                                        )

                                    [10] => Array
                                        (
                                            [name] => Painkillers
                                        )

                                    [11] => Array
                                        (
                                            [name] => Matchbox
                                        )

                                    [12] => Array
                                        (
                                            [name] => Friendly Fire
                                        )

                                    [13] => Array
                                        (
                                            [name] => Shameful Company
                                        )

                                    [14] => Array
                                        (
                                            [name] => Goodnight Chicago
                                        )

                                    [15] => Array
                                        (
                                            [name] => Cocaine Jesus
                                        )

                                    [16] => Array
                                        (
                                            [name] => Never Have I Ever
                                        )

                                    [17] => Array
                                        (
                                            [name] => Heart
                                        )

                                    [18] => Array
                                        (
                                            [name] => Black and White
                                            [info] => Acoustic
                                        )

                                    [19] => Array
                                        (
                                            [name] => Hey Pretty Momma
                                            [info] => Acoustic
                                        )

                                    [20] => Array
                                        (
                                            [name] => First Class
                                            [info] => Acoustic
                                        )

                                    [21] => Array
                                        (
                                            [name] => 100 Summers
                                        )

                                    [22] => Array
                                        (
                                            [name] => Run
                                        )

                                )

                        )

                    [1] => Array
                        (
                            [encore] => 1
                            [song] => Array
                                (
                                    [0] => Array
                                        (
                                            [name] => Tropics
                                        )

                                    [1] => Array
                                        (
                                            [name] => It's Called: Freefall
                                        )

                                )

                        )

                )

        )

    [url] => https://www.setlist.fm/setlist/rainbow-kitten-surprise/2026/skyla-credit-union-amphitheatre-charlotte-nc-234c4007.html
)

[30-Sep-2026 19:17:39 UTC] PHP Warning:  file_get_contents(/wordpress/wp-content/themes/mckinney/templates/index.html): Failed to open stream: No such file or directory in /wordpress/wp-includes/block-template-utils.php on line 611
[30-Sep-2026 19:17:39 UTC] PHP Warning:  Cannot modify header information - headers already sent by (output started at /wordpress/wp-includes/block-template-utils.php:611) in /wordpress/wp-admin/admin-header.php on line 14
[30-Sep-2026 19:27:01 UTC] show data: Array
(
    [id] => 234c4007
    [versionId] => g130ac5e1
    [eventDate] => 18-09-2026
    [lastUpdated] => 2026-09-25T02:13:06.655+0000
    [artist] => Array
        (
            [mbid] => ab4e7869-86f5-455e-b52c-c89d7664c07b
            [name] => Rainbow Kitten Surprise
            [sortName] => Rainbow Kitten Surprise
            [disambiguation] => 
            [url] => https://www.setlist.fm/setlists/rainbow-kitten-surprise-23dbd843.html
        )

    [venue] => Array
        (
            [id] => 73d1a231
            [name] => Skyla Credit Union Amphitheatre
            [city] => Array
                (
                    [id] => 4460243
                    [name] => Charlotte
                    [state] => North Carolina
                    [stateCode] => NC
                    [coords] => Array
                        (
                            [lat] => 35.2270869
                            [long] => -80.8431268
                        )

                    [country] => Array
                        (
                            [code] => US
                            [name] => United States
                        )

                )

            [url] => https://www.setlist.fm/venue/skyla-credit-union-amphitheatre-charlotte-nc-usa-73d1a231.html
        )

    [sets] => Array
        (
            [set] => Array
                (
                    [0] => Array
                        (
                            [song] => Array
                                (
                                    [0] => Array
                                        (
                                            [name] => Pacific Love
                                        )

                                    [1] => Array
                                        (
                                            [name] => Mission to Mars
                                        )

                                    [2] => Array
                                        (
                                            [name] => Our Song
                                        )

                                    [3] => Array
                                        (
                                            [name] => Hide
                                        )

                                    [4] => Array
                                        (
                                            [name] => Dang
                                        )

                                    [5] => Array
                                        (
                                            [name] => When It Lands
                                        )

                                    [6] => Array
                                        (
                                            [name] => Holy War
                                        )

                                    [7] => Array
                                        (
                                            [name] => Devil Like Me
                                        )

                                    [8] => Array
                                        (
                                            [name] => All's Well That Ends
                                        )

                                    [9] => Array
                                        (
                                            [name] => bones
                                        )

                                    [10] => Array
                                        (
                                            [name] => Painkillers
                                        )

                                    [11] => Array
                                        (
                                            [name] => Matchbox
                                        )

                                    [12] => Array
                                        (
                                            [name] => Friendly Fire
                                        )

                                    [13] => Array
                                        (
                                            [name] => Shameful Company
                                        )

                                    [14] => Array
                                        (
                                            [name] => Goodnight Chicago
                                        )

                                    [15] => Array
                                        (
                                            [name] => Cocaine Jesus
                                        )

                                    [16] => Array
                                        (
                                            [name] => Never Have I Ever
                                        )

                                    [17] => Array
                                        (
                                            [name] => Heart
                                        )

                                    [18] => Array
                                        (
                                            [name] => Black and White
                                            [info] => Acoustic
                                        )

                                    [19] => Array
                                        (
                                            [name] => Hey Pretty Momma
                                            [info] => Acoustic
                                        )

                                    [20] => Array
                                        (
                                            [name] => First Class
                                            [info] => Acoustic
                                        )

                                    [21] => Array
                                        (
                                            [name] => 100 Summers
                                        )

                                    [22] => Array
                                        (
                                            [name] => Run
                                        )

                                )

                        )

                    [1] => Array
                        (
                            [encore] => 1
                            [song] => Array
                                (
                                    [0] => Array
                                        (
                                            [name] => Tropics
                                        )

                                    [1] => Array
                                        (
                                            [name] => It's Called: Freefall
                                        )

                                )

                        )

                )

        )

    [url] => https://www.setlist.fm/setlist/rainbow-kitten-surprise/2026/skyla-credit-union-amphitheatre-charlotte-nc-234c4007.html
)

[30-Sep-2026 19:38:12 UTC] PHP Warning:  file_get_contents(/wordpress/wp-content/themes/mckinney/templates/index.html): Failed to open stream: No such file or directory in /wordpress/wp-includes/block-template-utils.php on line 611
[30-Sep-2026 19:38:12 UTC] PHP Warning:  Cannot modify header information - headers already sent by (output started at /wordpress/wp-includes/block-template-utils.php:611) in /wordpress/wp-admin/admin-header.php on line 14
[30-Sep-2026 19:41:01 UTC] PHP Warning:  file_get_contents(/wordpress/wp-content/themes/mckinney/templates/index.html): Failed to open stream: No such file or directory in /wordpress/wp-includes/block-template-utils.php on line 611
[30-Sep-2026 19:41:01 UTC] PHP Warning:  Cannot modify header information - headers already sent by (output started at /wordpress/wp-includes/block-template-utils.php:611) in /wordpress/wp-admin/admin-header.php on line 14
[30-Sep-2026 19:41:38 UTC] Automatic updates starting...
[30-Sep-2026 19:41:38 UTC]   Automatic plugin updates starting...
[30-Sep-2026 19:41:38 UTC]   Automatic plugin updates complete.
[30-Sep-2026 19:41:38 UTC] Automatic updates complete.
[30-Sep-2026 19:42:54 UTC] PHP Warning:  file_get_contents(/wordpress/wp-content/themes/mckinney/templates/index.html): Failed to open stream: No such file or directory in /wordpress/wp-includes/block-template-utils.php on line 611
[30-Sep-2026 19:42:54 UTC] PHP Warning:  Cannot modify header information - headers already sent by (output started at /wordpress/wp-includes/block-template-utils.php:611) in /wordpress/wp-admin/admin-header.php on line 14
[30-Sep-2026 20:22:46 UTC] show data: Array
(
    [id] => 434b9faf
    [versionId] => g430eff7f
    [eventDate] => 25-07-2026
    [lastUpdated] => 2026-08-25T08:42:56.445+0000
    [artist] => Array
        (
            [mbid] => a2a3f910-b188-43e7-81d0-f1ac2a2f3e12
            [name] => Noah Kahan
            [sortName] => Kahan, Noah
            [disambiguation] => 
            [url] => https://www.setlist.fm/setlists/noah-kahan-7bcdeef4.html
        )

    [venue] => Array
        (
            [id] => 13d62169
            [name] => Carter-Finley Stadium
            [city] => Array
                (
                    [id] => 4487042
                    [name] => Raleigh
                    [state] => North Carolina
                    [stateCode] => NC
                    [coords] => Array
                        (
                            [lat] => 35.772096
                            [long] => -78.6386145
                        )

                    [country] => Array
                        (
                            [code] => US
                            [name] => United States
                        )

                )

            [url] => https://www.setlist.fm/venue/carter-finley-stadium-raleigh-nc-usa-13d62169.html
        )

    [tour] => Array
        (
            [name] => The Great Divide Tour
        )

    [sets] => Array
        (
            [set] => Array
                (
                    [0] => Array
                        (
                            [name] => Act 1 - Main Stage
                            [song] => Array
                                (
                                    [0] => Array
                                        (
                                            [name] => American Cars
                                        )

                                    [1] => Array
                                        (
                                            [name] => Doors
                                        )

                                    [2] => Array
                                        (
                                            [name] => All My Love
                                        )

                                    [3] => Array
                                        (
                                            [name] => Deny Deny Deny
                                        )

                                    [4] => Array
                                        (
                                            [name] => Staying Still
                                        )

                                )

                        )

                    [1] => Array
                        (
                            [name] => Act 2 - B-Stage
                            [song] => Array
                                (
                                    [0] => Array
                                        (
                                            [name] => Haircut
                                        )

                                    [1] => Array
                                        (
                                            [name] => Downfall
                                        )

                                )

                        )

                    [2] => Array
                        (
                            [name] => Act 3 - Main Stage
                            [song] => Array
                                (
                                    [0] => Array
                                        (
                                            [name] => She Calls Me Back
                                            [with] => Array
                                                (
                                                    [mbid] => 8ab64ebd-200e-47af-a3fc-92540e186214
                                                    [name] => Gigi Perez
                                                    [sortName] => Perez, Gigi
                                                    [disambiguation] => Indie-rock singer/songwriter
                                                    [url] => https://www.setlist.fm/setlists/gigi-perez-63fe8e77.html
                                                )

                                        )

                                    [1] => Array
                                        (
                                            [name] => Dashboard
                                        )

                                    [2] => Array
                                        (
                                            [name] => Dial Drunk
                                        )

                                )

                        )

                    [3] => Array
                        (
                            [name] => Act 4 - Roof/Main Stage
                            [song] => Array
                                (
                                    [0] => Array
                                        (
                                            [name] => Willing and Able
                                        )

                                    [1] => Array
                                        (
                                            [name] => Porch Light
                                        )

                                )

                        )

                    [4] => Array
                        (
                            [name] => Act 5 - C-Stage
                            [song] => Array
                                (
                                    [0] => Array
                                        (
                                            [name] => Orbiter
                                        )

                                    [1] => Array
                                        (
                                            [name] => Howling
                                            [info] => Tour debut
                                        )

                                    [2] => Array
                                        (
                                            [name] => Paid Time Off
                                        )

                                    [3] => Array
                                        (
                                            [name] => Pain Is Cold Water
                                        )

                                    [4] => Array
                                        (
                                            [name] => Maine
                                        )

                                    [5] => Array
                                        (
                                            [name] => Dan
                                        )

                                )

                        )

                    [5] => Array
                        (
                            [name] => Act 6 - Main Stage
                            [song] => Array
                                (
                                    [0] => Array
                                        (
                                            [name] => The View Between Villages
                                        )

                                    [1] => Array
                                        (
                                            [name] => Northern Attitude
                                        )

                                    [2] => Array
                                        (
                                            [name] => The Great Divide
                                        )

                                    [3] => Array
                                        (
                                            [name] => Orange Juice
                                        )

                                    [4] => Array
                                        (
                                            [name] => New Perspective
                                        )

                                )

                        )

                    [6] => Array
                        (
                            [encore] => 1
                            [song] => Array
                                (
                                    [0] => Array
                                        (
                                            [name] => End of August
                                        )

                                    [1] => Array
                                        (
                                            [name] => Homesick
                                        )

                                    [2] => Array
                                        (
                                            [name] => Stick Season
                                            [info] => extended
                                        )

                                )

                        )

                )

        )

    [info] => Noah Kahan's first football stadium show
    [url] => https://www.setlist.fm/setlist/noah-kahan/2026/carter-finley-stadium-raleigh-nc-434b9faf.html
)

[30-Sep-2026 20:34:21 UTC] show data: Array
(
    [id] => 434b9faf
    [versionId] => g430eff7f
    [eventDate] => 25-07-2026
    [lastUpdated] => 2026-08-25T08:42:56.445+0000
    [artist] => Array
        (
            [mbid] => a2a3f910-b188-43e7-81d0-f1ac2a2f3e12
            [name] => Noah Kahan
            [sortName] => Kahan, Noah
            [disambiguation] => 
            [url] => https://www.setlist.fm/setlists/noah-kahan-7bcdeef4.html
        )

    [venue] => Array
        (
            [id] => 13d62169
            [name] => Carter-Finley Stadium
            [city] => Array
                (
                    [id] => 4487042
                    [name] => Raleigh
                    [state] => North Carolina
                    [stateCode] => NC
                    [coords] => Array
                        (
                            [lat] => 35.772096
                            [long] => -78.6386145
                        )

                    [country] => Array
                        (
                            [code] => US
                            [name] => United States
                        )

                )

            [url] => https://www.setlist.fm/venue/carter-finley-stadium-raleigh-nc-usa-13d62169.html
        )

    [tour] => Array
        (
            [name] => The Great Divide Tour
        )

    [sets] => Array
        (
            [set] => Array
                (
                    [0] => Array
                        (
                            [name] => Act 1 - Main Stage
                            [song] => Array
                                (
                                    [0] => Array
                                        (
                                            [name] => American Cars
                                        )

                                    [1] => Array
                                        (
                                            [name] => Doors
                                        )

                                    [2] => Array
                                        (
                                            [name] => All My Love
                                        )

                                    [3] => Array
                                        (
                                            [name] => Deny Deny Deny
                                        )

                                    [4] => Array
                                        (
                                            [name] => Staying Still
                                        )

                                )

                        )

                    [1] => Array
                        (
                            [name] => Act 2 - B-Stage
                            [song] => Array
                                (
                                    [0] => Array
                                        (
                                            [name] => Haircut
                                        )

                                    [1] => Array
                                        (
                                            [name] => Downfall
                                        )

                                )

                        )

                    [2] => Array
                        (
                            [name] => Act 3 - Main Stage
                            [song] => Array
                                (
                                    [0] => Array
                                        (
                                            [name] => She Calls Me Back
                                            [with] => Array
                                                (
                                                    [mbid] => 8ab64ebd-200e-47af-a3fc-92540e186214
                                                    [name] => Gigi Perez
                                                    [sortName] => Perez, Gigi
                                                    [disambiguation] => Indie-rock singer/songwriter
                                                    [url] => https://www.setlist.fm/setlists/gigi-perez-63fe8e77.html
                                                )

                                        )

                                    [1] => Array
                                        (
                                            [name] => Dashboard
                                        )

                                    [2] => Array
                                        (
                                            [name] => Dial Drunk
                                        )

                                )

                        )

                    [3] => Array
                        (
                            [name] => Act 4 - Roof/Main Stage
                            [song] => Array
                                (
                                    [0] => Array
                                        (
                                            [name] => Willing and Able
                                        )

                                    [1] => Array
                                        (
                                            [name] => Porch Light
                                        )

                                )

                        )

                    [4] => Array
                        (
                            [name] => Act 5 - C-Stage
                            [song] => Array
                                (
                                    [0] => Array
                                        (
                                            [name] => Orbiter
                                        )

                                    [1] => Array
                                        (
                                            [name] => Howling
                                            [info] => Tour debut
                                        )

                                    [2] => Array
                                        (
                                            [name] => Paid Time Off
                                        )

                                    [3] => Array
                                        (
                                            [name] => Pain Is Cold Water
                                        )

                                    [4] => Array
                                        (
                                            [name] => Maine
                                        )

                                    [5] => Array
                                        (
                                            [name] => Dan
                                        )

                                )

                        )

                    [5] => Array
                        (
                            [name] => Act 6 - Main Stage
                            [song] => Array
                                (
                                    [0] => Array
                                        (
                                            [name] => The View Between Villages
                                        )

                                    [1] => Array
                                        (
                                            [name] => Northern Attitude
                                        )

                                    [2] => Array
                                        (
                                            [name] => The Great Divide
                                        )

                                    [3] => Array
                                        (
                                            [name] => Orange Juice
                                        )

                                    [4] => Array
                                        (
                                            [name] => New Perspective
                                        )

                                )

                        )

                    [6] => Array
                        (
                            [encore] => 1
                            [song] => Array
                                (
                                    [0] => Array
                                        (
                                            [name] => End of August
                                        )

                                    [1] => Array
                                        (
                                            [name] => Homesick
                                        )

                                    [2] => Array
                                        (
                                            [name] => Stick Season
                                            [info] => extended
                                        )

                                )

                        )

                )

        )

    [info] => Noah Kahan's first football stadium show
    [url] => https://www.setlist.fm/setlist/noah-kahan/2026/carter-finley-stadium-raleigh-nc-434b9faf.html
)

[30-Sep-2026 20:36:59 UTC] show data: Array
(
    [id] => 434b9faf
    [versionId] => g430eff7f
    [eventDate] => 25-07-2026
    [lastUpdated] => 2026-08-25T08:42:56.445+0000
    [artist] => Array
        (
            [mbid] => a2a3f910-b188-43e7-81d0-f1ac2a2f3e12
            [name] => Noah Kahan
            [sortName] => Kahan, Noah
            [disambiguation] => 
            [url] => https://www.setlist.fm/setlists/noah-kahan-7bcdeef4.html
        )

    [venue] => Array
        (
            [id] => 13d62169
            [name] => Carter-Finley Stadium
            [city] => Array
                (
                    [id] => 4487042
                    [name] => Raleigh
                    [state] => North Carolina
                    [stateCode] => NC
                    [coords] => Array
                        (
                            [lat] => 35.772096
                            [long] => -78.6386145
                        )

                    [country] => Array
                        (
                            [code] => US
                            [name] => United States
                        )

                )

            [url] => https://www.setlist.fm/venue/carter-finley-stadium-raleigh-nc-usa-13d62169.html
        )

    [tour] => Array
        (
            [name] => The Great Divide Tour
        )

    [sets] => Array
        (
            [set] => Array
                (
                    [0] => Array
                        (
                            [name] => Act 1 - Main Stage
                            [song] => Array
                                (
                                    [0] => Array
                                        (
                                            [name] => American Cars
                                        )

                                    [1] => Array
                                        (
                                            [name] => Doors
                                        )

                                    [2] => Array
                                        (
                                            [name] => All My Love
                                        )

                                    [3] => Array
                                        (
                                            [name] => Deny Deny Deny
                                        )

                                    [4] => Array
                                        (
                                            [name] => Staying Still
                                        )

                                )

                        )

                    [1] => Array
                        (
                            [name] => Act 2 - B-Stage
                            [song] => Array
                                (
                                    [0] => Array
                                        (
                                            [name] => Haircut
                                        )

                                    [1] => Array
                                        (
                                            [name] => Downfall
                                        )

                                )

                        )

                    [2] => Array
                        (
                            [name] => Act 3 - Main Stage
                            [song] => Array
                                (
                                    [0] => Array
                                        (
                                            [name] => She Calls Me Back
                                            [with] => Array
                                                (
                                                    [mbid] => 8ab64ebd-200e-47af-a3fc-92540e186214
                                                    [name] => Gigi Perez
                                                    [sortName] => Perez, Gigi
                                                    [disambiguation] => Indie-rock singer/songwriter
                                                    [url] => https://www.setlist.fm/setlists/gigi-perez-63fe8e77.html
                                                )

                                        )

                                    [1] => Array
                                        (
                                            [name] => Dashboard
                                        )

                                    [2] => Array
                                        (
                                            [name] => Dial Drunk
                                        )

                                )

                        )

                    [3] => Array
                        (
                            [name] => Act 4 - Roof/Main Stage
                            [song] => Array
                                (
                                    [0] => Array
                                        (
                                            [name] => Willing and Able
                                        )

                                    [1] => Array
                                        (
                                            [name] => Porch Light
                                        )

                                )

                        )

                    [4] => Array
                        (
                            [name] => Act 5 - C-Stage
                            [song] => Array
                                (
                                    [0] => Array
                                        (
                                            [name] => Orbiter
                                        )

                                    [1] => Array
                                        (
                                            [name] => Howling
                                            [info] => Tour debut
                                        )

                                    [2] => Array
                                        (
                                            [name] => Paid Time Off
                                        )

                                    [3] => Array
                                        (
                                            [name] => Pain Is Cold Water
                                        )

                                    [4] => Array
                                        (
                                            [name] => Maine
                                        )

                                    [5] => Array
                                        (
                                            [name] => Dan
                                        )

                                )

                        )

                    [5] => Array
                        (
                            [name] => Act 6 - Main Stage
                            [song] => Array
                                (
                                    [0] => Array
                                        (
                                            [name] => The View Between Villages
                                        )

                                    [1] => Array
                                        (
                                            [name] => Northern Attitude
                                        )

                                    [2] => Array
                                        (
                                            [name] => The Great Divide
                                        )

                                    [3] => Array
                                        (
                                            [name] => Orange Juice
                                        )

                                    [4] => Array
                                        (
                                            [name] => New Perspective
                                        )

                                )

                        )

                    [6] => Array
                        (
                            [encore] => 1
                            [song] => Array
                                (
                                    [0] => Array
                                        (
                                            [name] => End of August
                                        )

                                    [1] => Array
                                        (
                                            [name] => Homesick
                                        )

                                    [2] => Array
                                        (
                                            [name] => Stick Season
                                            [info] => extended
                                        )

                                )

                        )

                )

        )

    [info] => Noah Kahan's first football stadium show
    [url] => https://www.setlist.fm/setlist/noah-kahan/2026/carter-finley-stadium-raleigh-nc-434b9faf.html
)

[30-Sep-2026 20:37:13 UTC] show data: Array
(
    [id] => 434b9faf
    [versionId] => g430eff7f
    [eventDate] => 25-07-2026
    [lastUpdated] => 2026-08-25T08:42:56.445+0000
    [artist] => Array
        (
            [mbid] => a2a3f910-b188-43e7-81d0-f1ac2a2f3e12
            [name] => Noah Kahan
            [sortName] => Kahan, Noah
            [disambiguation] => 
            [url] => https://www.setlist.fm/setlists/noah-kahan-7bcdeef4.html
        )

    [venue] => Array
        (
            [id] => 13d62169
            [name] => Carter-Finley Stadium
            [city] => Array
                (
                    [id] => 4487042
                    [name] => Raleigh
                    [state] => North Carolina
                    [stateCode] => NC
                    [coords] => Array
                        (
                            [lat] => 35.772096
                            [long] => -78.6386145
                        )

                    [country] => Array
                        (
                            [code] => US
                            [name] => United States
                        )

                )

            [url] => https://www.setlist.fm/venue/carter-finley-stadium-raleigh-nc-usa-13d62169.html
        )

    [tour] => Array
        (
            [name] => The Great Divide Tour
        )

    [sets] => Array
        (
            [set] => Array
                (
                    [0] => Array
                        (
                            [name] => Act 1 - Main Stage
                            [song] => Array
                                (
                                    [0] => Array
                                        (
                                            [name] => American Cars
                                        )

                                    [1] => Array
                                        (
                                            [name] => Doors
                                        )

                                    [2] => Array
                                        (
                                            [name] => All My Love
                                        )

                                    [3] => Array
                                        (
                                            [name] => Deny Deny Deny
                                        )

                                    [4] => Array
                                        (
                                            [name] => Staying Still
                                        )

                                )

                        )

                    [1] => Array
                        (
                            [name] => Act 2 - B-Stage
                            [song] => Array
                                (
                                    [0] => Array
                                        (
                                            [name] => Haircut
                                        )

                                    [1] => Array
                                        (
                                            [name] => Downfall
                                        )

                                )

                        )

                    [2] => Array
                        (
                            [name] => Act 3 - Main Stage
                            [song] => Array
                                (
                                    [0] => Array
                                        (
                                            [name] => She Calls Me Back
                                            [with] => Array
                                                (
                                                    [mbid] => 8ab64ebd-200e-47af-a3fc-92540e186214
                                                    [name] => Gigi Perez
                                                    [sortName] => Perez, Gigi
                                                    [disambiguation] => Indie-rock singer/songwriter
                                                    [url] => https://www.setlist.fm/setlists/gigi-perez-63fe8e77.html
                                                )

                                        )

                                    [1] => Array
                                        (
                                            [name] => Dashboard
                                        )

                                    [2] => Array
                                        (
                                            [name] => Dial Drunk
                                        )

                                )

                        )

                    [3] => Array
                        (
                            [name] => Act 4 - Roof/Main Stage
                            [song] => Array
                                (
                                    [0] => Array
                                        (
                                            [name] => Willing and Able
                                        )

                                    [1] => Array
                                        (
                                            [name] => Porch Light
                                        )

                                )

                        )

                    [4] => Array
                        (
                            [name] => Act 5 - C-Stage
                            [song] => Array
                                (
                                    [0] => Array
                                        (
                                            [name] => Orbiter
                                        )

                                    [1] => Array
                                        (
                                            [name] => Howling
                                            [info] => Tour debut
                                        )

                                    [2] => Array
                                        (
                                            [name] => Paid Time Off
                                        )

                                    [3] => Array
                                        (
                                            [name] => Pain Is Cold Water
                                        )

                                    [4] => Array
                                        (
                                            [name] => Maine
                                        )

                                    [5] => Array
                                        (
                                            [name] => Dan
                                        )

                                )

                        )

                    [5] => Array
                        (
                            [name] => Act 6 - Main Stage
                            [song] => Array
                                (
                                    [0] => Array
                                        (
                                            [name] => The View Between Villages
                                        )

                                    [1] => Array
                                        (
                                            [name] => Northern Attitude
                                        )

                                    [2] => Array
                                        (
                                            [name] => The Great Divide
                                        )

                                    [3] => Array
                                        (
                                            [name] => Orange Juice
                                        )

                                    [4] => Array
                                        (
                                            [name] => New Perspective
                                        )

                                )

                        )

                    [6] => Array
                        (
                            [encore] => 1
                            [song] => Array
                                (
                                    [0] => Array
                                        (
                                            [name] => End of August
                                        )

                                    [1] => Array
                                        (
                                            [name] => Homesick
                                        )

                                    [2] => Array
                                        (
                                            [name] => Stick Season
                                            [info] => extended
                                        )

                                )

                        )

                )

        )

    [info] => Noah Kahan's first football stadium show
    [url] => https://www.setlist.fm/setlist/noah-kahan/2026/carter-finley-stadium-raleigh-nc-434b9faf.html
)

